﻿[dotenv@17.3.1] injecting env (21) from .env -- tip: ÔÜÖ´©Å  suppress all logs with { quiet: true }
[dotenv@17.3.1] injecting env (0) from .env -- tip: ­ƒñû agentic secret storage: https://dotenvx.com/as2
Database pool initialized for host: 149.50.142.36, schema: sistema147
Testing YPF/LW Session creation...
node : (node:29216) 
DeprecationWarning: Calling 
client.query() when the client 
is already executing a query is 
deprecated and will be removed 
in pg@9.0. Use asycn/await or 
an external async flow control 
mechanism instead.
En línea: 1 Carácter: 1
+ node test-ypf-session.js > 
test-output.txt 2>&1
+ ~~~~~~~~~~~~~~~~~~~~~~~~~~~~~~
~~~~~~~~~~~~~~~~~
    + CategoryInfo          : N 
   otSpecified: ((node:29216)   
  De...hanism instead.:String   
 ) [], RemoteException
    + FullyQualifiedErrorId : N 
   ativeCommandError
 
(Use `node --trace-deprecation 
...` to show where the warning 
was created)
[ypf.session] Create session 
failed - payload: {
  "clientId": "CfDJ8COUpcZAPylPu
QoaNpKGwyuP0blprB43OVa-B4Locfob6
Qpqa6dne906z9VTjxIoZgjiA8IdFvJ8z
M4TyJrxpEby-Q25Z2UjfuC0gBdLA9-bV
Q4Cz1xxD23YYIfd6Z9Vzw",
  "userId": "CfDJ8COUpcZAPylPuQo
aNpKGwysXljjyUuhjvFbff7TncYIn-Dl
AyCoAiiAuULIKqxkfRFRh2qon5nwMQcT
yQ3k8xwmkxPe8xcWItHwmJueg2z8gjm-
qrkbPPYG2izEo6dWREA"
}
Session test failed: Location 
World session response does not 
contain a session token
Error: Location World session 
response does not contain a 
session token
    at Object.createLocationWorl
dSession (C:\Users\Modernizacion
\Documents\logistica-inteligente
-refactor\backend\src\services\y
pf.service.js:316:15)
    at process.processTicksAndRe
jections (node:internal/process/
task_queues:95:5)
    at async testSession (C:\Use
rs\Modernizacion\Documents\logis
tica-inteligente-refactor\backen
d\test-ypf-session.js:8:25)
